// Jest Snapshot v1, https://goo.gl/fbAQLP

exports[`AppComponent render correctly 1`] = `
<app-root
  title={[Function String]}
>
  <main
    class="main"
  >
    <app-todolist>
      <div>
        No Data
      </div>
      <button>
        Refresh
      </button>
      <button>
        Add
      </button>
    </app-todolist>
  </main><router-outlet />
</app-root>
`;

exports[`AppComponent should render correctly 1`] = `
<app-root
  title={[Function String]}
>
  <main
    class="main"
  >
    <app-todolist>
      <div>
        No Data
      </div>
      <button>
        Refresh
      </button>
      <button>
        Add
      </button>
    </app-todolist>
  </main><router-outlet />
</app-root>
`;
